// Jest Snapshot v1, https://goo.gl/fbAQLP

exports[`renders correctly 1`] = `
<DocumentFragment>
  <form>
    <input
      class="search-input"
      type="text"
      value=""
    />
    <button
      class="search-button"
      type="submit"
    >
      Search
    </button>
  </form>
</DocumentFragment>
`;
