// Jest Snapshot v1, https://goo.gl/fbAQLP

exports[`SearchResults renders correctly 1`] = `
<DocumentFragment>
  <p>
    Search Results
  </p>
  <div
    class="search-results__cards"
  >
    <a
      href="https://images.unsplash.com/photo-1522030299830-16b8d3d049fe?ixlib=rb-1.2.1&ixid=eyJhcHBfaWQiOjEyMDd9&w=1000&q=80"
      rel="noreferrer"
      target="_blank"
    >
      <img
        alt="space-pic"
        class="card-image"
        data-testid="image"
        src="https://images.unsplash.com/photo-1522030299830-16b8d3d049fe?ixlib=rb-1.2.1&ixid=eyJhcHBfaWQiOjEyMDd9&w=1000&q=80"
      />
    </a>
    <a
      href="https://images.unsplash.com/photo-1522030299830-16b8d3d049fe?ixlib=rb-1.2.1&ixid=eyJhcHBfaWQiOjEyMDd9&w=1000&q=80"
      rel="noreferrer"
      target="_blank"
    >
      <img
        alt="space-pic"
        class="card-image"
        data-testid="image"
        src="https://images.unsplash.com/photo-1522030299830-16b8d3d049fe?ixlib=rb-1.2.1&ixid=eyJhcHBfaWQiOjEyMDd9&w=1000&q=80"
      />
    </a>
    <a
      href="https://images.unsplash.com/photo-1522030299830-16b8d3d049fe?ixlib=rb-1.2.1&ixid=eyJhcHBfaWQiOjEyMDd9&w=1000&q=80"
      rel="noreferrer"
      target="_blank"
    >
      <img
        alt="space-pic"
        class="card-image"
        data-testid="image"
        src="https://images.unsplash.com/photo-1522030299830-16b8d3d049fe?ixlib=rb-1.2.1&ixid=eyJhcHBfaWQiOjEyMDd9&w=1000&q=80"
      />
    </a>
    <a
      href="https://images.unsplash.com/photo-1522030299830-16b8d3d049fe?ixlib=rb-1.2.1&ixid=eyJhcHBfaWQiOjEyMDd9&w=1000&q=80"
      rel="noreferrer"
      target="_blank"
    >
      <img
        alt="space-pic"
        class="card-image"
        data-testid="image"
        src="https://images.unsplash.com/photo-1522030299830-16b8d3d049fe?ixlib=rb-1.2.1&ixid=eyJhcHBfaWQiOjEyMDd9&w=1000&q=80"
      />
    </a>
  </div>
</DocumentFragment>
`;
